python : C:\Antigravity projects\TinyTruce\isolated_cache_test.py:5: FutureWarning: 
At line:1 char:1
+ python isolated_cache_test.py > test_output.txt 2>&1; Get-Content tes ...
+ ~~~~~~~~~~~~~~~~~~~~~~~~~~~~~~~~~~~~~~~~~~~~~~~~~~~~
    + CategoryInfo          : NotSpecified: (C:\Antigravity ...FutureWarning: :String) [], RemoteExce 
   ption
    + FullyQualifiedErrorId : NativeCommandError
 

All support for the `google.generativeai` package has ended. It will no longer be receiving 
updates or bug fixes. Please switch to the `google.genai` package as soon as possible.
See README for more details:

https://github.com/google-gemini/deprecated-generative-ai-python/blob/main/README.md

  import google.generativeai as genai
Context size: 12800 characters (~3200 tokens)

[STEP 1] Creating Context Cache using Native SDK...
Cache Created Successfully: cachedContents/rhg3x00erv5u7k7kunwuvmun6xrxydvyuupzju3h

--- Testing Syntax: Flat Snake (cached_content) ---
Result: FAILED
Error: Error code: 400 - [{'error': {'code': 400, 'message': 'Invalid JSON payload received. Unknown name "cached_content": Cannot find field.', 'status': 'INVALID_ARGUMENT', 'details': [{'@type': 'type.googleapis.com/google.rpc.BadRequest', 'fieldViolations': [{'description': 'Invalid JSON payload received. Unknown name "cached_content": Cannot find field.'}]}]}}]

--- Testing Syntax: Flat Camel (cachedContent) ---
Result: FAILED
Error: Error code: 400 - [{'error': {'code': 400, 'message': 'Invalid JSON payload received. Unknown name "cachedContent": Cannot find field.', 'status': 'INVALID_ARGUMENT', 'details': [{'@type': 'type.googleapis.com/google.rpc.BadRequest', 'fieldViolations': [{'description': 'Invalid JSON payload received. Unknown name "cachedContent": Cannot find field.'}]}]}}]

--- Testing Syntax: Nested Google (google -> cached_content) ---
Result: FAILED
Error: Error code: 400 - [{'error': {'code': 400, 'message': 'Invalid JSON payload received. Unknown name "google": Cannot find field.', 'status': 'INVALID_ARGUMENT', 'details': [{'@type': 'type.googleapis.com/google.rpc.BadRequest', 'fieldViolations': [{'description': 'Invalid JSON payload received. Unknown name "google": Cannot find field.'}]}]}}]

--- Testing Syntax: Nested Google Camel (google -> cachedContent) ---
Result: FAILED
Error: Error code: 400 - [{'error': {'code': 400, 'message': 'Invalid JSON payload received. Unknown name "google": Cannot find field.', 'status': 'INVALID_ARGUMENT', 'details': [{'@type': 'type.googleapis.com/google.rpc.BadRequest', 'fieldViolations': [{'description': 'Invalid JSON payload received. Unknown name "google": Cannot find field.'}]}]}}]

--- Testing Syntax: Base Config Wrapper (google_base_config -> cached_content) ---
Result: FAILED
Error: Error code: 400 - [{'error': {'code': 400, 'message': 'Invalid JSON payload received. Unknown name "google_base_config": Cannot find field.', 'status': 'INVALID_ARGUMENT', 'details': [{'@type': 'type.googleapis.com/google.rpc.BadRequest', 'fieldViolations': [{'description': 'Invalid JSON payload received. Unknown name "google_base_config": Cannot find field.'}]}]}}]

--- TEST SUMMARY ---
All syntaxes failed. The OpenAI bridge may have changed requirements or the cache ID format is unexpected.
